printing factorial of numbers upto 10 using a recursive function and a while loop
1
2
6
24
120
720
5040
40320
362880
3628800
