numbers from 1 to 10 using while loop
0
1
2
3
4
5
6
7
8
9
10
