simple function
calling function:
entered function
