function to print factorial of given number:
5 factorial is
120
3 factorial is
6
10 factorial is
3628800
0 factorial is
1
